ARM GAS  C:\Users\User\AppData\Local\Temp\ccrBA2EO.s 			page 1


   1              		.cpu cortex-m4
   2              		.arch armv7e-m
   3              		.fpu fpv4-sp-d16
   4              		.eabi_attribute 27, 1
   5              		.eabi_attribute 28, 1
   6              		.eabi_attribute 20, 1
   7              		.eabi_attribute 21, 1
   8              		.eabi_attribute 23, 3
   9              		.eabi_attribute 24, 1
  10              		.eabi_attribute 25, 1
  11              		.eabi_attribute 26, 1
  12              		.eabi_attribute 30, 1
  13              		.eabi_attribute 34, 1
  14              		.eabi_attribute 18, 4
  15              		.file	"interrupt.c"
  16              		.text
  17              	.Ltext0:
  18              		.cfi_sections	.debug_frame
  19              		.file 1 "Core/Src/interrupt.c"
  20              		.section	.text.EXTI9_5_IRQHandler,"ax",%progbits
  21              		.align	1
  22              		.global	EXTI9_5_IRQHandler
  23              		.syntax unified
  24              		.thumb
  25              		.thumb_func
  27              	EXTI9_5_IRQHandler:
  28              	.LFB133:
   1:Core/Src/interrupt.c **** #include "interrupt.h"
   2:Core/Src/interrupt.c **** 
   3:Core/Src/interrupt.c **** uint8_t last_state, FLAG_DELAY;
   4:Core/Src/interrupt.c **** uint32_t delay_count;
   5:Core/Src/interrupt.c **** 
   6:Core/Src/interrupt.c **** void EXTI9_5_IRQHandler(void)
   7:Core/Src/interrupt.c **** {
  29              		.loc 1 7 1 view -0
  30              		.cfi_startproc
  31              		@ args = 0, pretend = 0, frame = 0
  32              		@ frame_needed = 0, uses_anonymous_args = 0
  33              		@ link register save eliminated.
   8:Core/Src/interrupt.c ****     if (READ_BIT(EXTI->PR, EXTI_PR_PR6)) 
  34              		.loc 1 8 5 view .LVU1
  35              		.loc 1 8 9 is_stmt 0 view .LVU2
  36 0000 0B4B     		ldr	r3, .L3
  37 0002 5B69     		ldr	r3, [r3, #20]
  38              		.loc 1 8 8 view .LVU3
  39 0004 13F0400F 		tst	r3, #64
  40 0008 10D0     		beq	.L1
   9:Core/Src/interrupt.c ****     {
  10:Core/Src/interrupt.c ****         SET_BIT(EXTI->PR, EXTI_PR_PR6);
  41              		.loc 1 10 9 is_stmt 1 view .LVU4
  42 000a 094A     		ldr	r2, .L3
  43 000c 5369     		ldr	r3, [r2, #20]
  44 000e 43F04003 		orr	r3, r3, #64
  45 0012 5361     		str	r3, [r2, #20]
  11:Core/Src/interrupt.c ****         last_button_time = global_counter; 
  46              		.loc 1 11 9 view .LVU5
  47              		.loc 1 11 26 is_stmt 0 view .LVU6
ARM GAS  C:\Users\User\AppData\Local\Temp\ccrBA2EO.s 			page 2


  48 0014 074B     		ldr	r3, .L3+4
  49 0016 1A68     		ldr	r2, [r3]
  50 0018 074B     		ldr	r3, .L3+8
  51 001a 1A60     		str	r2, [r3]
  12:Core/Src/interrupt.c ****         if(!(GPIOC->IDR & GPIO_IDR_ID6)) // На отпускание
  52              		.loc 1 12 9 is_stmt 1 view .LVU7
  53              		.loc 1 12 19 is_stmt 0 view .LVU8
  54 001c 074B     		ldr	r3, .L3+12
  55 001e 1B69     		ldr	r3, [r3, #16]
  56              		.loc 1 12 11 view .LVU9
  57 0020 13F0400F 		tst	r3, #64
  58 0024 02D1     		bne	.L1
  13:Core/Src/interrupt.c ****         {
  14:Core/Src/interrupt.c ****             button_pressed = 1;
  59              		.loc 1 14 13 is_stmt 1 view .LVU10
  60              		.loc 1 14 28 is_stmt 0 view .LVU11
  61 0026 064B     		ldr	r3, .L3+16
  62 0028 0122     		movs	r2, #1
  63 002a 1A70     		strb	r2, [r3]
  64              	.L1:
  15:Core/Src/interrupt.c ****         }
  16:Core/Src/interrupt.c ****     }
  17:Core/Src/interrupt.c **** }
  65              		.loc 1 17 1 view .LVU12
  66 002c 7047     		bx	lr
  67              	.L4:
  68 002e 00BF     		.align	2
  69              	.L3:
  70 0030 003C0140 		.word	1073822720
  71 0034 00000000 		.word	global_counter
  72 0038 00000000 		.word	last_button_time
  73 003c 00080240 		.word	1073874944
  74 0040 00000000 		.word	button_pressed
  75              		.cfi_endproc
  76              	.LFE133:
  78              		.section	.text.SysTick_Handler,"ax",%progbits
  79              		.align	1
  80              		.global	SysTick_Handler
  81              		.syntax unified
  82              		.thumb
  83              		.thumb_func
  85              	SysTick_Handler:
  86              	.LFB134:
  18:Core/Src/interrupt.c **** 
  19:Core/Src/interrupt.c **** void SysTick_Handler(void)
  20:Core/Src/interrupt.c **** {
  87              		.loc 1 20 1 is_stmt 1 view -0
  88              		.cfi_startproc
  89              		@ args = 0, pretend = 0, frame = 0
  90              		@ frame_needed = 0, uses_anonymous_args = 0
  91              		@ link register save eliminated.
  21:Core/Src/interrupt.c ****     global_counter++;
  92              		.loc 1 21 5 view .LVU14
  93              		.loc 1 21 19 is_stmt 0 view .LVU15
  94 0000 044A     		ldr	r2, .L6
  95 0002 1368     		ldr	r3, [r2]
  96 0004 0133     		adds	r3, r3, #1
ARM GAS  C:\Users\User\AppData\Local\Temp\ccrBA2EO.s 			page 3


  97 0006 1360     		str	r3, [r2]
  22:Core/Src/interrupt.c ****     delay_count++;
  98              		.loc 1 22 5 is_stmt 1 view .LVU16
  99              		.loc 1 22 16 is_stmt 0 view .LVU17
 100 0008 034A     		ldr	r2, .L6+4
 101 000a 1368     		ldr	r3, [r2]
 102 000c 0133     		adds	r3, r3, #1
 103 000e 1360     		str	r3, [r2]
  23:Core/Src/interrupt.c **** }
 104              		.loc 1 23 1 view .LVU18
 105 0010 7047     		bx	lr
 106              	.L7:
 107 0012 00BF     		.align	2
 108              	.L6:
 109 0014 00000000 		.word	global_counter
 110 0018 00000000 		.word	delay_count
 111              		.cfi_endproc
 112              	.LFE134:
 114              		.section	.text.delay,"ax",%progbits
 115              		.align	1
 116              		.global	delay
 117              		.syntax unified
 118              		.thumb
 119              		.thumb_func
 121              	delay:
 122              	.LVL0:
 123              	.LFB135:
  24:Core/Src/interrupt.c **** 
  25:Core/Src/interrupt.c **** void delay(uint32_t del)
  26:Core/Src/interrupt.c **** {
 124              		.loc 1 26 1 is_stmt 1 view -0
 125              		.cfi_startproc
 126              		@ args = 0, pretend = 0, frame = 0
 127              		@ frame_needed = 0, uses_anonymous_args = 0
 128              		@ link register save eliminated.
  27:Core/Src/interrupt.c ****     FLAG_DELAY = 1;
 129              		.loc 1 27 5 view .LVU20
 130              		.loc 1 27 16 is_stmt 0 view .LVU21
 131 0000 064B     		ldr	r3, .L10
 132 0002 0122     		movs	r2, #1
 133 0004 1A70     		strb	r2, [r3]
  28:Core/Src/interrupt.c ****     while(del<=delay_count)
 134              		.loc 1 28 5 is_stmt 1 view .LVU22
 135              	.L9:
  29:Core/Src/interrupt.c ****     {
  30:Core/Src/interrupt.c **** 
  31:Core/Src/interrupt.c ****     }
 136              		.loc 1 31 5 view .LVU23
  28:Core/Src/interrupt.c ****     while(del<=delay_count)
 137              		.loc 1 28 14 discriminator 1 view .LVU24
 138 0006 064B     		ldr	r3, .L10+4
 139 0008 1B68     		ldr	r3, [r3]
 140 000a 8342     		cmp	r3, r0
 141 000c FBD2     		bcs	.L9
  32:Core/Src/interrupt.c ****     delay_count = 0;
 142              		.loc 1 32 5 view .LVU25
 143              		.loc 1 32 17 is_stmt 0 view .LVU26
ARM GAS  C:\Users\User\AppData\Local\Temp\ccrBA2EO.s 			page 4


 144 000e 0023     		movs	r3, #0
 145 0010 034A     		ldr	r2, .L10+4
 146 0012 1360     		str	r3, [r2]
  33:Core/Src/interrupt.c ****     FLAG_DELAY = 0;
 147              		.loc 1 33 5 is_stmt 1 view .LVU27
 148              		.loc 1 33 16 is_stmt 0 view .LVU28
 149 0014 014A     		ldr	r2, .L10
 150 0016 1370     		strb	r3, [r2]
  34:Core/Src/interrupt.c **** }
 151              		.loc 1 34 1 view .LVU29
 152 0018 7047     		bx	lr
 153              	.L11:
 154 001a 00BF     		.align	2
 155              	.L10:
 156 001c 00000000 		.word	FLAG_DELAY
 157 0020 00000000 		.word	delay_count
 158              		.cfi_endproc
 159              	.LFE135:
 161              		.global	delay_count
 162              		.section	.bss.delay_count,"aw",%nobits
 163              		.align	2
 166              	delay_count:
 167 0000 00000000 		.space	4
 168              		.global	FLAG_DELAY
 169              		.section	.bss.FLAG_DELAY,"aw",%nobits
 172              	FLAG_DELAY:
 173 0000 00       		.space	1
 174              		.global	last_state
 175              		.section	.bss.last_state,"aw",%nobits
 178              	last_state:
 179 0000 00       		.space	1
 180              		.text
 181              	.Letext0:
 182              		.file 2 "C:/Users/User/OneDrive/Desktop/mkp/xpack-arm-none-eabi-gcc-13.2.1-1.1-win32-x64/xpack-arm
 183              		.file 3 "C:/Users/User/OneDrive/Desktop/mkp/xpack-arm-none-eabi-gcc-13.2.1-1.1-win32-x64/xpack-arm
 184              		.file 4 "CMSIS/Devices/STM32F4xx/Inc/STM32F429ZI/stm32f429xx.h"
 185              		.file 5 "Core/Inc/interrupt.h"
ARM GAS  C:\Users\User\AppData\Local\Temp\ccrBA2EO.s 			page 5


DEFINED SYMBOLS
                            *ABS*:00000000 interrupt.c
C:\Users\User\AppData\Local\Temp\ccrBA2EO.s:21     .text.EXTI9_5_IRQHandler:00000000 $t
C:\Users\User\AppData\Local\Temp\ccrBA2EO.s:27     .text.EXTI9_5_IRQHandler:00000000 EXTI9_5_IRQHandler
C:\Users\User\AppData\Local\Temp\ccrBA2EO.s:70     .text.EXTI9_5_IRQHandler:00000030 $d
C:\Users\User\AppData\Local\Temp\ccrBA2EO.s:79     .text.SysTick_Handler:00000000 $t
C:\Users\User\AppData\Local\Temp\ccrBA2EO.s:85     .text.SysTick_Handler:00000000 SysTick_Handler
C:\Users\User\AppData\Local\Temp\ccrBA2EO.s:109    .text.SysTick_Handler:00000014 $d
C:\Users\User\AppData\Local\Temp\ccrBA2EO.s:166    .bss.delay_count:00000000 delay_count
C:\Users\User\AppData\Local\Temp\ccrBA2EO.s:115    .text.delay:00000000 $t
C:\Users\User\AppData\Local\Temp\ccrBA2EO.s:121    .text.delay:00000000 delay
C:\Users\User\AppData\Local\Temp\ccrBA2EO.s:156    .text.delay:0000001c $d
C:\Users\User\AppData\Local\Temp\ccrBA2EO.s:172    .bss.FLAG_DELAY:00000000 FLAG_DELAY
C:\Users\User\AppData\Local\Temp\ccrBA2EO.s:163    .bss.delay_count:00000000 $d
C:\Users\User\AppData\Local\Temp\ccrBA2EO.s:173    .bss.FLAG_DELAY:00000000 $d
C:\Users\User\AppData\Local\Temp\ccrBA2EO.s:178    .bss.last_state:00000000 last_state
C:\Users\User\AppData\Local\Temp\ccrBA2EO.s:179    .bss.last_state:00000000 $d

UNDEFINED SYMBOLS
global_counter
last_button_time
button_pressed
