ARM GAS  C:\Users\User\AppData\Local\Temp\cckF1grg.s 			page 1


   1              		.cpu cortex-m4
   2              		.arch armv7e-m
   3              		.fpu fpv4-sp-d16
   4              		.eabi_attribute 27, 1
   5              		.eabi_attribute 28, 1
   6              		.eabi_attribute 20, 1
   7              		.eabi_attribute 21, 1
   8              		.eabi_attribute 23, 3
   9              		.eabi_attribute 24, 1
  10              		.eabi_attribute 25, 1
  11              		.eabi_attribute 26, 1
  12              		.eabi_attribute 30, 1
  13              		.eabi_attribute 34, 1
  14              		.eabi_attribute 18, 4
  15              		.file	"main.c"
  16              		.text
  17              	.Ltext0:
  18              		.cfi_sections	.debug_frame
  19              		.file 1 "Core/Src/main.c"
  20              		.section	.text.main,"ax",%progbits
  21              		.align	1
  22              		.global	main
  23              		.syntax unified
  24              		.thumb
  25              		.thumb_func
  27              	main:
  28              	.LFB133:
   1:Core/Src/main.c **** #include "..\Inc\init.h"
   2:Core/Src/main.c **** #include "interrupt.h"
   3:Core/Src/main.c **** 
   4:Core/Src/main.c **** volatile uint32_t global_counter = 0;
   5:Core/Src/main.c **** 
   6:Core/Src/main.c **** volatile uint8_t states[4] = {0, 0, 0, 0};
   7:Core/Src/main.c ****  
   8:Core/Src/main.c **** int main(void)
   9:Core/Src/main.c **** {
  29              		.loc 1 9 1 view -0
  30              		.cfi_startproc
  31              		@ Volatile: function does not return.
  32              		@ args = 0, pretend = 0, frame = 0
  33              		@ frame_needed = 0, uses_anonymous_args = 0
  34 0000 08B5     		push	{r3, lr}
  35              	.LCFI0:
  36              		.cfi_def_cfa_offset 8
  37              		.cfi_offset 3, -8
  38              		.cfi_offset 14, -4
  10:Core/Src/main.c ****     // RCC_init();
  11:Core/Src/main.c **** 
  12:Core/Src/main.c ****     GPIO_init();
  39              		.loc 1 12 5 view .LVU1
  40 0002 FFF7FEFF 		bl	GPIO_init
  41              	.LVL0:
  13:Core/Src/main.c ****     // TIM1_init();
  14:Core/Src/main.c ****     // ADC_init();
  15:Core/Src/main.c ****     SET_BIT(GPIOB->MODER, GPIO_MODER_MODE7_0);
  42              		.loc 1 15 5 view .LVU2
  43 0006 054B     		ldr	r3, .L4
ARM GAS  C:\Users\User\AppData\Local\Temp\cckF1grg.s 			page 2


  44 0008 1A68     		ldr	r2, [r3]
  45 000a 42F48042 		orr	r2, r2, #16384
  46 000e 1A60     		str	r2, [r3]
  16:Core/Src/main.c ****     SET_BIT(GPIOB->BSRR, GPIO_BSRR_BS7);
  47              		.loc 1 16 5 view .LVU3
  48 0010 9A69     		ldr	r2, [r3, #24]
  49 0012 42F08002 		orr	r2, r2, #128
  50 0016 9A61     		str	r2, [r3, #24]
  51              	.L2:
  17:Core/Src/main.c ****     // SET_BIT(GPIOB->BSRR, GPIO_BSRR_BS4);
  18:Core/Src/main.c **** 
  19:Core/Src/main.c **** 
  20:Core/Src/main.c ****     while (1)
  52              		.loc 1 20 5 view .LVU4
  21:Core/Src/main.c ****     {
  22:Core/Src/main.c ****         // if(states[0])
  23:Core/Src/main.c ****         // {
  24:Core/Src/main.c ****         //     SET_BIT(GPIOB->BSRR, GPIO_BSRR_BS4);
  25:Core/Src/main.c ****         // }
  26:Core/Src/main.c ****         // else
  27:Core/Src/main.c ****         // {
  28:Core/Src/main.c ****         //     SET_BIT(GPIOB->BSRR, GPIO_BSRR_BR4);
  29:Core/Src/main.c ****         // }
  30:Core/Src/main.c ****         // if(states[1])
  31:Core/Src/main.c ****         // {
  32:Core/Src/main.c ****         //     SET_BIT(GPIOB->BSRR, GPIO_BSRR_BS1);
  33:Core/Src/main.c ****         // }
  34:Core/Src/main.c ****         // else
  35:Core/Src/main.c ****         // {
  36:Core/Src/main.c ****         //     SET_BIT(GPIOB->BSRR, GPIO_BSRR_BR1);
  37:Core/Src/main.c ****         // }
  38:Core/Src/main.c ****         // if(states[2])
  39:Core/Src/main.c ****         // {
  40:Core/Src/main.c ****         //     SET_BIT(GPIOB->BSRR, GPIO_BSRR_BS3);
  41:Core/Src/main.c ****         // }
  42:Core/Src/main.c ****         // else
  43:Core/Src/main.c ****         // {
  44:Core/Src/main.c ****         //     SET_BIT(GPIOB->BSRR, GPIO_BSRR_BR3);
  45:Core/Src/main.c ****         // }
  46:Core/Src/main.c ****         // if(states[3])
  47:Core/Src/main.c ****         // {
  48:Core/Src/main.c ****         //     SET_BIT(GPIOB->BSRR, GPIO_BSRR_BS5);
  49:Core/Src/main.c ****         // }
  50:Core/Src/main.c ****         // else
  51:Core/Src/main.c ****         // {
  52:Core/Src/main.c ****         //     SET_BIT(GPIOB->BSRR, GPIO_BSRR_BR5);
  53:Core/Src/main.c ****         // }
  54:Core/Src/main.c ****     }
  53              		.loc 1 54 5 view .LVU5
  20:Core/Src/main.c ****     {
  54              		.loc 1 20 11 view .LVU6
  55 0018 FEE7     		b	.L2
  56              	.L5:
  57 001a 00BF     		.align	2
  58              	.L4:
  59 001c 00040240 		.word	1073873920
  60              		.cfi_endproc
ARM GAS  C:\Users\User\AppData\Local\Temp\cckF1grg.s 			page 3


  61              	.LFE133:
  63              		.global	states
  64              		.section	.bss.states,"aw",%nobits
  65              		.align	2
  68              	states:
  69 0000 00000000 		.space	4
  70              		.global	global_counter
  71              		.section	.bss.global_counter,"aw",%nobits
  72              		.align	2
  75              	global_counter:
  76 0000 00000000 		.space	4
  77              		.text
  78              	.Letext0:
  79              		.file 2 "C:/Users/User/OneDrive/Desktop/mkp/xpack-arm-none-eabi-gcc-13.2.1-1.1-win32-x64/xpack-arm
  80              		.file 3 "C:/Users/User/OneDrive/Desktop/mkp/xpack-arm-none-eabi-gcc-13.2.1-1.1-win32-x64/xpack-arm
  81              		.file 4 "CMSIS/Devices/STM32F4xx/Inc/STM32F429ZI/stm32f429xx.h"
  82              		.file 5 "Core/Inc/interrupt.h"
  83              		.file 6 "Core/Inc/init.h"
ARM GAS  C:\Users\User\AppData\Local\Temp\cckF1grg.s 			page 4


DEFINED SYMBOLS
                            *ABS*:00000000 main.c
C:\Users\User\AppData\Local\Temp\cckF1grg.s:21     .text.main:00000000 $t
C:\Users\User\AppData\Local\Temp\cckF1grg.s:27     .text.main:00000000 main
C:\Users\User\AppData\Local\Temp\cckF1grg.s:59     .text.main:0000001c $d
C:\Users\User\AppData\Local\Temp\cckF1grg.s:68     .bss.states:00000000 states
C:\Users\User\AppData\Local\Temp\cckF1grg.s:65     .bss.states:00000000 $d
C:\Users\User\AppData\Local\Temp\cckF1grg.s:75     .bss.global_counter:00000000 global_counter
C:\Users\User\AppData\Local\Temp\cckF1grg.s:72     .bss.global_counter:00000000 $d

UNDEFINED SYMBOLS
GPIO_init
